// Jest Snapshot v1, https://goo.gl/fbAQLP

exports[`Blogs render properly 1`] = `
ShallowWrapper {
  "length": 1,
  Symbol(enzyme.__root__): [Circular],
  Symbol(enzyme.__unrendered__): <Unknown
    blogs={
        Array [
            Object {
              "id": "1",
              "title": "First title",
            },
            Object {
              "id": "2",
              "title": "Second title",
            },
          ]
    }
/>,
  Symbol(enzyme.__renderer__): Object {
    "batchedUpdates": [Function],
    "getNode": [Function],
    "render": [Function],
    "simulateEvent": [Function],
    "unmount": [Function],
  },
  Symbol(enzyme.__node__): Object {
    "instance": null,
    "key": undefined,
    "nodeType": "host",
    "props": Object {
      "children": <ul>
        <li>
                <Link
                        replace={false}
                        to="/blogs/1"
                >
                        First title
                </Link>
        </li>
        <li>
                <Link
                        replace={false}
                        to="/blogs/2"
                >
                        Second title
                </Link>
        </li>
</ul>,
      "className": "Blogs __container",
    },
    "ref": null,
    "rendered": Object {
      "instance": null,
      "key": undefined,
      "nodeType": "host",
      "props": Object {
        "children": Array [
          <li>
            <Link
                        replace={false}
                        to="/blogs/1"
            >
                        First title
            </Link>
</li>,
          <li>
            <Link
                        replace={false}
                        to="/blogs/2"
            >
                        Second title
            </Link>
</li>,
        ],
      },
      "ref": null,
      "rendered": Array [
        Object {
          "instance": null,
          "key": "1",
          "nodeType": "host",
          "props": Object {
            "children": <Link
              replace={false}
              to="/blogs/1"
>
              First title
</Link>,
          },
          "ref": null,
          "rendered": Object {
            "instance": null,
            "key": undefined,
            "nodeType": "class",
            "props": Object {
              "children": "First title",
              "replace": false,
              "to": "/blogs/1",
            },
            "ref": null,
            "rendered": "First title",
            "type": [Function],
          },
          "type": "li",
        },
        Object {
          "instance": null,
          "key": "2",
          "nodeType": "host",
          "props": Object {
            "children": <Link
              replace={false}
              to="/blogs/2"
>
              Second title
</Link>,
          },
          "ref": null,
          "rendered": Object {
            "instance": null,
            "key": undefined,
            "nodeType": "class",
            "props": Object {
              "children": "Second title",
              "replace": false,
              "to": "/blogs/2",
            },
            "ref": null,
            "rendered": "Second title",
            "type": [Function],
          },
          "type": "li",
        },
      ],
      "type": "ul",
    },
    "type": "div",
  },
  Symbol(enzyme.__nodes__): Array [
    Object {
      "instance": null,
      "key": undefined,
      "nodeType": "host",
      "props": Object {
        "children": <ul>
          <li>
                    <Link
                              replace={false}
                              to="/blogs/1"
                    >
                              First title
                    </Link>
          </li>
          <li>
                    <Link
                              replace={false}
                              to="/blogs/2"
                    >
                              Second title
                    </Link>
          </li>
</ul>,
        "className": "Blogs __container",
      },
      "ref": null,
      "rendered": Object {
        "instance": null,
        "key": undefined,
        "nodeType": "host",
        "props": Object {
          "children": Array [
            <li>
              <Link
                            replace={false}
                            to="/blogs/1"
              >
                            First title
              </Link>
</li>,
            <li>
              <Link
                            replace={false}
                            to="/blogs/2"
              >
                            Second title
              </Link>
</li>,
          ],
        },
        "ref": null,
        "rendered": Array [
          Object {
            "instance": null,
            "key": "1",
            "nodeType": "host",
            "props": Object {
              "children": <Link
                replace={false}
                to="/blogs/1"
>
                First title
</Link>,
            },
            "ref": null,
            "rendered": Object {
              "instance": null,
              "key": undefined,
              "nodeType": "class",
              "props": Object {
                "children": "First title",
                "replace": false,
                "to": "/blogs/1",
              },
              "ref": null,
              "rendered": "First title",
              "type": [Function],
            },
            "type": "li",
          },
          Object {
            "instance": null,
            "key": "2",
            "nodeType": "host",
            "props": Object {
              "children": <Link
                replace={false}
                to="/blogs/2"
>
                Second title
</Link>,
            },
            "ref": null,
            "rendered": Object {
              "instance": null,
              "key": undefined,
              "nodeType": "class",
              "props": Object {
                "children": "Second title",
                "replace": false,
                "to": "/blogs/2",
              },
              "ref": null,
              "rendered": "Second title",
              "type": [Function],
            },
            "type": "li",
          },
        ],
        "type": "ul",
      },
      "type": "div",
    },
  ],
  Symbol(enzyme.__options__): Object {
    "adapter": ReactSixteenAdapter {
      "options": Object {
        "enableComponentDidUpdateOnSetState": true,
      },
    },
    "disableLifecycleMethods": true,
  },
}
`;
