// Jest Snapshot v1, https://goo.gl/fbAQLP

exports[`EditBlog renders properly 1`] = `
ShallowWrapper {
  "length": 1,
  Symbol(enzyme.__root__): [Circular],
  Symbol(enzyme.__unrendered__): <EditBlog
    blog={
        Object {
            "_id": "1",
            "author": "author1",
            "body": "First body",
            "title": "First Title",
          }
    }
    deleteBlog={[Function]}
    history={
        Object {
            "push": [Function],
          }
    }
    id="1"
    updateBlog={[Function]}
/>,
  Symbol(enzyme.__renderer__): Object {
    "batchedUpdates": [Function],
    "getNode": [Function],
    "render": [Function],
    "simulateEvent": [Function],
    "unmount": [Function],
  },
  Symbol(enzyme.__node__): Object {
    "instance": null,
    "key": undefined,
    "nodeType": "host",
    "props": Object {
      "children": Array [
        <h2>
          Edit Blog
</h2>,
        <Form
          blog={
                    Object {
                              "_id": "1",
                              "author": "author1",
                              "body": "First body",
                              "title": "First Title",
                            }
          }
          onSubmit={[Function]}
/>,
        <div
          className="delete-blog"
>
          <button
                    className="btn-delete"
                    onClick={[Function]}
          >
                    Delete Blog
          </button>
</div>,
      ],
      "className": "EditBlog",
    },
    "ref": null,
    "rendered": Array [
      Object {
        "instance": null,
        "key": undefined,
        "nodeType": "host",
        "props": Object {
          "children": "Edit Blog",
        },
        "ref": null,
        "rendered": "Edit Blog",
        "type": "h2",
      },
      Object {
        "instance": null,
        "key": undefined,
        "nodeType": "class",
        "props": Object {
          "blog": Object {
            "_id": "1",
            "author": "author1",
            "body": "First body",
            "title": "First Title",
          },
          "onSubmit": [Function],
        },
        "ref": null,
        "rendered": null,
        "type": [Function],
      },
      Object {
        "instance": null,
        "key": undefined,
        "nodeType": "host",
        "props": Object {
          "children": <button
            className="btn-delete"
            onClick={[Function]}
>
            Delete Blog
</button>,
          "className": "delete-blog",
        },
        "ref": null,
        "rendered": Object {
          "instance": null,
          "key": undefined,
          "nodeType": "host",
          "props": Object {
            "children": "Delete Blog",
            "className": "btn-delete",
            "onClick": [Function],
          },
          "ref": null,
          "rendered": "Delete Blog",
          "type": "button",
        },
        "type": "div",
      },
    ],
    "type": "section",
  },
  Symbol(enzyme.__nodes__): Array [
    Object {
      "instance": null,
      "key": undefined,
      "nodeType": "host",
      "props": Object {
        "children": Array [
          <h2>
            Edit Blog
</h2>,
          <Form
            blog={
                        Object {
                                    "_id": "1",
                                    "author": "author1",
                                    "body": "First body",
                                    "title": "First Title",
                                  }
            }
            onSubmit={[Function]}
/>,
          <div
            className="delete-blog"
>
            <button
                        className="btn-delete"
                        onClick={[Function]}
            >
                        Delete Blog
            </button>
</div>,
        ],
        "className": "EditBlog",
      },
      "ref": null,
      "rendered": Array [
        Object {
          "instance": null,
          "key": undefined,
          "nodeType": "host",
          "props": Object {
            "children": "Edit Blog",
          },
          "ref": null,
          "rendered": "Edit Blog",
          "type": "h2",
        },
        Object {
          "instance": null,
          "key": undefined,
          "nodeType": "class",
          "props": Object {
            "blog": Object {
              "_id": "1",
              "author": "author1",
              "body": "First body",
              "title": "First Title",
            },
            "onSubmit": [Function],
          },
          "ref": null,
          "rendered": null,
          "type": [Function],
        },
        Object {
          "instance": null,
          "key": undefined,
          "nodeType": "host",
          "props": Object {
            "children": <button
              className="btn-delete"
              onClick={[Function]}
>
              Delete Blog
</button>,
            "className": "delete-blog",
          },
          "ref": null,
          "rendered": Object {
            "instance": null,
            "key": undefined,
            "nodeType": "host",
            "props": Object {
              "children": "Delete Blog",
              "className": "btn-delete",
              "onClick": [Function],
            },
            "ref": null,
            "rendered": "Delete Blog",
            "type": "button",
          },
          "type": "div",
        },
      ],
      "type": "section",
    },
  ],
  Symbol(enzyme.__options__): Object {
    "adapter": ReactSixteenAdapter {
      "options": Object {
        "enableComponentDidUpdateOnSetState": true,
      },
    },
    "disableLifecycleMethods": true,
  },
}
`;
