// Jest Snapshot v1, https://goo.gl/fbAQLP

exports[`Header renders properly 1`] = `
ShallowWrapper {
  "length": 1,
  Symbol(enzyme.__root__): [Circular],
  Symbol(enzyme.__unrendered__): <Header />,
  Symbol(enzyme.__renderer__): Object {
    "batchedUpdates": [Function],
    "getNode": [Function],
    "render": [Function],
    "simulateEvent": [Function],
    "unmount": [Function],
  },
  Symbol(enzyme.__node__): Object {
    "instance": null,
    "key": undefined,
    "nodeType": "host",
    "props": Object {
      "children": <nav>
        <div>
                Blog
        </div>
        <ul>
                <li>
                        <NavLink
                                activeClassName="active"
                                ariaCurrent="true"
                                exact={true}
                                to="/"
                        >
                                Home
                        </NavLink>
                </li>
                <li>
                        <NavLink
                                activeClassName="active"
                                ariaCurrent="true"
                                to="/auth/signup"
                        >
                                Auth
                        </NavLink>
                </li>
        </ul>
</nav>,
    },
    "ref": null,
    "rendered": Object {
      "instance": null,
      "key": undefined,
      "nodeType": "host",
      "props": Object {
        "children": Array [
          <div>
            Blog
</div>,
          <ul>
            <li>
                        <NavLink
                                    activeClassName="active"
                                    ariaCurrent="true"
                                    exact={true}
                                    to="/"
                        >
                                    Home
                        </NavLink>
            </li>
            <li>
                        <NavLink
                                    activeClassName="active"
                                    ariaCurrent="true"
                                    to="/auth/signup"
                        >
                                    Auth
                        </NavLink>
            </li>
</ul>,
        ],
      },
      "ref": null,
      "rendered": Array [
        Object {
          "instance": null,
          "key": undefined,
          "nodeType": "host",
          "props": Object {
            "children": "Blog",
          },
          "ref": null,
          "rendered": "Blog",
          "type": "div",
        },
        Object {
          "instance": null,
          "key": undefined,
          "nodeType": "host",
          "props": Object {
            "children": Array [
              <li>
                <NavLink
                                activeClassName="active"
                                ariaCurrent="true"
                                exact={true}
                                to="/"
                >
                                Home
                </NavLink>
</li>,
              <li>
                <NavLink
                                activeClassName="active"
                                ariaCurrent="true"
                                to="/auth/signup"
                >
                                Auth
                </NavLink>
</li>,
            ],
          },
          "ref": null,
          "rendered": Array [
            Object {
              "instance": null,
              "key": undefined,
              "nodeType": "host",
              "props": Object {
                "children": <NavLink
                  activeClassName="active"
                  ariaCurrent="true"
                  exact={true}
                  to="/"
>
                  Home
</NavLink>,
              },
              "ref": null,
              "rendered": Object {
                "instance": null,
                "key": undefined,
                "nodeType": "function",
                "props": Object {
                  "activeClassName": "active",
                  "ariaCurrent": "true",
                  "children": "Home",
                  "exact": true,
                  "to": "/",
                },
                "ref": null,
                "rendered": "Home",
                "type": [Function],
              },
              "type": "li",
            },
            Object {
              "instance": null,
              "key": undefined,
              "nodeType": "host",
              "props": Object {
                "children": <NavLink
                  activeClassName="active"
                  ariaCurrent="true"
                  to="/auth/signup"
>
                  Auth
</NavLink>,
              },
              "ref": null,
              "rendered": Object {
                "instance": null,
                "key": undefined,
                "nodeType": "function",
                "props": Object {
                  "activeClassName": "active",
                  "ariaCurrent": "true",
                  "children": "Auth",
                  "to": "/auth/signup",
                },
                "ref": null,
                "rendered": "Auth",
                "type": [Function],
              },
              "type": "li",
            },
          ],
          "type": "ul",
        },
      ],
      "type": "nav",
    },
    "type": "header",
  },
  Symbol(enzyme.__nodes__): Array [
    Object {
      "instance": null,
      "key": undefined,
      "nodeType": "host",
      "props": Object {
        "children": <nav>
          <div>
                    Blog
          </div>
          <ul>
                    <li>
                              <NavLink
                                        activeClassName="active"
                                        ariaCurrent="true"
                                        exact={true}
                                        to="/"
                              >
                                        Home
                              </NavLink>
                    </li>
                    <li>
                              <NavLink
                                        activeClassName="active"
                                        ariaCurrent="true"
                                        to="/auth/signup"
                              >
                                        Auth
                              </NavLink>
                    </li>
          </ul>
</nav>,
      },
      "ref": null,
      "rendered": Object {
        "instance": null,
        "key": undefined,
        "nodeType": "host",
        "props": Object {
          "children": Array [
            <div>
              Blog
</div>,
            <ul>
              <li>
                            <NavLink
                                          activeClassName="active"
                                          ariaCurrent="true"
                                          exact={true}
                                          to="/"
                            >
                                          Home
                            </NavLink>
              </li>
              <li>
                            <NavLink
                                          activeClassName="active"
                                          ariaCurrent="true"
                                          to="/auth/signup"
                            >
                                          Auth
                            </NavLink>
              </li>
</ul>,
          ],
        },
        "ref": null,
        "rendered": Array [
          Object {
            "instance": null,
            "key": undefined,
            "nodeType": "host",
            "props": Object {
              "children": "Blog",
            },
            "ref": null,
            "rendered": "Blog",
            "type": "div",
          },
          Object {
            "instance": null,
            "key": undefined,
            "nodeType": "host",
            "props": Object {
              "children": Array [
                <li>
                  <NavLink
                                    activeClassName="active"
                                    ariaCurrent="true"
                                    exact={true}
                                    to="/"
                  >
                                    Home
                  </NavLink>
</li>,
                <li>
                  <NavLink
                                    activeClassName="active"
                                    ariaCurrent="true"
                                    to="/auth/signup"
                  >
                                    Auth
                  </NavLink>
</li>,
              ],
            },
            "ref": null,
            "rendered": Array [
              Object {
                "instance": null,
                "key": undefined,
                "nodeType": "host",
                "props": Object {
                  "children": <NavLink
                    activeClassName="active"
                    ariaCurrent="true"
                    exact={true}
                    to="/"
>
                    Home
</NavLink>,
                },
                "ref": null,
                "rendered": Object {
                  "instance": null,
                  "key": undefined,
                  "nodeType": "function",
                  "props": Object {
                    "activeClassName": "active",
                    "ariaCurrent": "true",
                    "children": "Home",
                    "exact": true,
                    "to": "/",
                  },
                  "ref": null,
                  "rendered": "Home",
                  "type": [Function],
                },
                "type": "li",
              },
              Object {
                "instance": null,
                "key": undefined,
                "nodeType": "host",
                "props": Object {
                  "children": <NavLink
                    activeClassName="active"
                    ariaCurrent="true"
                    to="/auth/signup"
>
                    Auth
</NavLink>,
                },
                "ref": null,
                "rendered": Object {
                  "instance": null,
                  "key": undefined,
                  "nodeType": "function",
                  "props": Object {
                    "activeClassName": "active",
                    "ariaCurrent": "true",
                    "children": "Auth",
                    "to": "/auth/signup",
                  },
                  "ref": null,
                  "rendered": "Auth",
                  "type": [Function],
                },
                "type": "li",
              },
            ],
            "type": "ul",
          },
        ],
        "type": "nav",
      },
      "type": "header",
    },
  ],
  Symbol(enzyme.__options__): Object {
    "adapter": ReactSixteenAdapter {
      "options": Object {
        "enableComponentDidUpdateOnSetState": true,
      },
    },
    "disableLifecycleMethods": true,
  },
}
`;
